[    0.000000] Initializing cgroup subsys cpuset
[    0.000000] Initializing cgroup subsys cpu
[    0.000000] Initializing cgroup subsys cpuacct
[    0.000000] Linux version 4.4.0-178-generic (buildd@lgw01-amd64-017) (gcc version 5.4.0 20160609 (Ubuntu 5.4.0-6ubuntu1~16.04.12) ) #208-Ubuntu SMP Sun Apr 5 23:45:10 UTC 2020 (Ubuntu 4.4.0-178.208-generic 4.4.217)
[    0.000000] Command line: BOOT_IMAGE=/boot/vmlinuz-4.4.0-178-generic root=LABEL=cloudimg-rootfs ro console=tty1 console=ttyS0
[    0.000000] KERNEL supported cpus:
[    0.000000]   Intel GenuineIntel
[    0.000000]   AMD AuthenticAMD
[    0.000000]   Centaur CentaurHauls
[    0.000000] x86/fpu: xstate_offset[2]:  576, xstate_sizes[2]:  256
[    0.000000] x86/fpu: Supporting XSAVE feature 0x01: 'x87 floating point registers'
[    0.000000] x86/fpu: Supporting XSAVE feature 0x02: 'SSE registers'
[    0.000000] x86/fpu: Supporting XSAVE feature 0x04: 'AVX registers'
[    0.000000] x86/fpu: Enabled xstate features 0x7, context size is 832 bytes, using 'standard' format.
[    0.000000] e820: BIOS-provided physical RAM map:
[    0.000000] BIOS-e820: [mem 0x0000000000000000-0x000000000009fbff] usable
[    0.000000] BIOS-e820: [mem 0x000000000009fc00-0x000000000009ffff] reserved
[    0.000000] BIOS-e820: [mem 0x00000000000f0000-0x00000000000fffff] reserved
[    0.000000] BIOS-e820: [mem 0x0000000000100000-0x000000001ffeffff] usable
[    0.000000] BIOS-e820: [mem 0x000000001fff0000-0x000000001fffffff] ACPI data
[    0.000000] BIOS-e820: [mem 0x00000000fec00000-0x00000000fec00fff] reserved
[    0.000000] BIOS-e820: [mem 0x00000000fee00000-0x00000000fee00fff] reserved
[    0.000000] BIOS-e820: [mem 0x00000000fffc0000-0x00000000ffffffff] reserved
[    0.000000] NX (Execute Disable) protection: active
[    0.000000] SMBIOS 2.5 present.
[    0.000000] Hypervisor detected: KVM
[    0.000000] e820: last_pfn = 0x1fff0 max_arch_pfn = 0x400000000
[    0.000000] MTRR: Disabled
[    0.000000] x86/PAT: MTRRs disabled, skipping PAT initialization too.
[    0.000000] CPU MTRRs all blank - virtualized system.
[    0.000000] x86/PAT: Configuration [0-7]: WB  WT  UC- UC  WB  WT  UC- UC  
[    0.000000] found SMP MP-table at [mem 0x0009fff0-0x0009ffff] mapped at [ffff88000009fff0]
[    0.000000] Scanning 1 areas for low memory corruption
[    0.000000] RAMDISK: [mem 0x1e89b000-0x1f722fff]
[    0.000000] ACPI: Early table checksum verification disabled
[    0.000000] ACPI: RSDP 0x00000000000E0000 000024 (v02 VBOX  )
[    0.000000] ACPI: XSDT 0x000000001FFF0030 00003C (v01 VBOX   VBOXXSDT 00000001 ASL  00000061)
[    0.000000] ACPI: FACP 0x000000001FFF00F0 0000F4 (v04 VBOX   VBOXFACP 00000001 ASL  00000061)
[    0.000000] ACPI: DSDT 0x000000001FFF0470 0021FF (v02 VBOX   VBOXBIOS 00000002 INTL 20180105)
[    0.000000] ACPI: FACS 0x000000001FFF0200 000040
[    0.000000] ACPI: FACS 0x000000001FFF0200 000040
[    0.000000] ACPI: APIC 0x000000001FFF0240 00005C (v02 VBOX   VBOXAPIC 00000001 ASL  00000061)
[    0.000000] ACPI: SSDT 0x000000001FFF02A0 0001CC (v01 VBOX   VBOXCPUT 00000002 INTL 20180105)
[    0.000000] No NUMA configuration found
[    0.000000] Faking a node at [mem 0x0000000000000000-0x000000001ffeffff]
[    0.000000] NODE_DATA(0) allocated [mem 0x1ffeb000-0x1ffeffff]
[    0.000000] kvm-clock: Using msrs 4b564d01 and 4b564d00
[    0.000000] kvm-clock: cpu 0, msr 0:1ffe3001, primary cpu clock
[    0.000000] kvm-clock: using sched offset of 7985489370 cycles
[    0.000000] clocksource: kvm-clock: mask: 0xffffffffffffffff max_cycles: 0x1cd42e4dffb, max_idle_ns: 881590591483 ns
[    0.000000] Zone ranges:
[    0.000000]   DMA      [mem 0x0000000000001000-0x0000000000ffffff]
[    0.000000]   DMA32    [mem 0x0000000001000000-0x000000001ffeffff]
[    0.000000]   Normal   empty
[    0.000000]   Device   empty
[    0.000000] Movable zone start for each node
[    0.000000] Early memory node ranges
[    0.000000]   node   0: [mem 0x0000000000001000-0x000000000009efff]
[    0.000000]   node   0: [mem 0x0000000000100000-0x000000001ffeffff]
[    0.000000] Initmem setup node 0 [mem 0x0000000000001000-0x000000001ffeffff]
[    0.000000] ACPI: PM-Timer IO Port: 0x4008
[    0.000000] IOAPIC[0]: apic_id 2, version 32, address 0xfec00000, GSI 0-23
[    0.000000] ACPI: INT_SRC_OVR (bus 0 bus_irq 0 global_irq 2 dfl dfl)
[    0.000000] ACPI: INT_SRC_OVR (bus 0 bus_irq 9 global_irq 9 low level)
[    0.000000] Using ACPI (MADT) for SMP configuration information
[    0.000000] smpboot: Allowing 2 CPUs, 0 hotplug CPUs
[    0.000000] PM: Registered nosave memory: [mem 0x00000000-0x00000fff]
[    0.000000] PM: Registered nosave memory: [mem 0x0009f000-0x0009ffff]
[    0.000000] PM: Registered nosave memory: [mem 0x000a0000-0x000effff]
[    0.000000] PM: Registered nosave memory: [mem 0x000f0000-0x000fffff]
[    0.000000] e820: [mem 0x20000000-0xfebfffff] available for PCI devices
[    0.000000] Booting paravirtualized kernel on KVM
[    0.000000] clocksource: refined-jiffies: mask: 0xffffffff max_cycles: 0xffffffff, max_idle_ns: 7645519600211568 ns
[    0.000000] setup_percpu: NR_CPUS:512 nr_cpumask_bits:512 nr_cpu_ids:2 nr_node_ids:1
[    0.000000] PERCPU: Embedded 33 pages/cpu @ffff88001fc00000 s95448 r8192 d31528 u1048576
[    0.000000] Built 1 zonelists in Node order, mobility grouping on.  Total pages: 128888
[    0.000000] Policy zone: DMA32
[    0.000000] Kernel command line: BOOT_IMAGE=/boot/vmlinuz-4.4.0-178-generic root=LABEL=cloudimg-rootfs ro console=tty1 console=ttyS0
[    0.000000] PID hash table entries: 2048 (order: 2, 16384 bytes)
[    0.000000] Memory: 481592K/523832K available (8626K kernel code, 1336K rwdata, 4036K rodata, 1488K init, 1292K bss, 42240K reserved, 0K cma-reserved)
[    0.000000] SLUB: HWalign=64, Order=0-3, MinObjects=0, CPUs=2, Nodes=1
[    0.000000] Kernel/User page tables isolation: enabled
[    0.000000] Hierarchical RCU implementation.
[    0.000000] 	Build-time adjustment of leaf fanout to 64.
[    0.000000] 	RCU restricting CPUs from NR_CPUS=512 to nr_cpu_ids=2.
[    0.000000] RCU: Adjusting geometry for rcu_fanout_leaf=64, nr_cpu_ids=2
[    0.000000] NR_IRQS:33024 nr_irqs:440 16
[    0.000000] Console: colour VGA+ 80x25
[    0.000000] console [tty1] enabled
[    0.000000] console [ttyS0] enabled
[    0.000000] tsc: Detected 2903.812 MHz processor
[    2.041214] Calibrating delay loop (skipped) preset value.. 5807.62 BogoMIPS (lpj=11615248)
[    2.069022] pid_max: default: 32768 minimum: 301
[    2.078390] ACPI: Core revision 20150930
[    2.090911] ACPI: 2 ACPI AML tables successfully acquired and loaded
[    2.105882] Security Framework initialized
[    2.119766] Yama: becoming mindful.
[    2.128300] AppArmor: AppArmor initialized
[    2.136775] Dentry cache hash table entries: 65536 (order: 7, 524288 bytes)
[    2.153031] Inode-cache hash table entries: 32768 (order: 6, 262144 bytes)
[    2.170500] Mount-cache hash table entries: 1024 (order: 1, 8192 bytes)
[    2.200372] Mountpoint-cache hash table entries: 1024 (order: 1, 8192 bytes)
[    2.213006] Initializing cgroup subsys io
[    2.221600] Initializing cgroup subsys memory
[    2.232944] Initializing cgroup subsys devices
[    2.247803] Initializing cgroup subsys freezer
[    2.256615] Initializing cgroup subsys net_cls
[    2.266639] Initializing cgroup subsys perf_event
[    2.275966] Initializing cgroup subsys net_prio
[    2.285872] Initializing cgroup subsys hugetlb
[    2.296554] Initializing cgroup subsys pids
[    2.307302] mce: CPU supports 0 MCE banks
[    2.316692] Last level iTLB entries: 4KB 64, 2MB 8, 4MB 8
[    2.342038] Last level dTLB entries: 4KB 64, 2MB 0, 4MB 0, 1GB 4
[    2.362986] Spectre V1 : Mitigation: usercopy/swapgs barriers and __user pointer sanitization
[    2.427991] Spectre V2 : Mitigation: Full generic retpoline
[    2.441469] Spectre V2 : Spectre v2 / SpectreRSB mitigation: Filling RSB on context switch
[    2.457951] Speculative Store Bypass: Vulnerable
[    2.467317] MDS: Mitigation: Clear CPU buffers
[    2.494095] Freeing SMP alternatives memory: 36K
[    2.556994] ftrace: allocating 32308 entries in 127 pages
[    2.814821] smpboot: APIC(0) Converting physical 0 to logical package 0
[    2.828263] smpboot: Max logical packages: 1
[    2.848701] x2apic enabled
[    2.857751] Switched APIC routing to physical x2apic.
[    2.885437] ..TIMER: vector=0x30 apic1=0 pin1=2 apic2=-1 pin2=-1
[    3.007257] smpboot: CPU0: Intel(R) Core(TM) i9-8950HK CPU @ 2.90GHz (family: 0x6, model: 0x9e, stepping: 0xa)
[    3.028712] Performance Events: unsupported p6 CPU model 158 no PMU driver, software events only.
[    3.103116] KVM setup paravirtual spinlock
[    3.111925] x86: Booting SMP configuration:
[    3.126715] .... node  #0, CPUs:      #1
[    3.140335] kvm-clock: cpu 1, msr 0:1ffe3041, secondary cpu clock
[    3.158486] mce: CPU supports 0 MCE banks
[    3.165735] x86: Booted up 1 node, 2 CPUs
[    3.180846] smpboot: Total of 2 processors activated (11615.24 BogoMIPS)
[    3.211736] devtmpfs: initialized
[    3.220633] evm: security.selinux
[    3.228394] evm: security.SMACK64
[    3.252416] evm: security.SMACK64EXEC
[    3.268370] evm: security.SMACK64TRANSMUTE
[    3.276351] evm: security.SMACK64MMAP
[    3.285070] evm: security.ima
[    3.292930] evm: security.capability
[    3.306298] clocksource: jiffies: mask: 0xffffffff max_cycles: 0xffffffff, max_idle_ns: 7645041785100000 ns
[    3.326489] futex hash table entries: 512 (order: 3, 32768 bytes)
[    3.351528] pinctrl core: initialized pinctrl subsystem
[    3.361678] RTC time: 11:40:15, date: 05/24/20
[    3.371763] NET: Registered protocol family 16
[    3.391613] cpuidle: using governor ladder
[    3.415666] cpuidle: using governor menu
[    3.439762] PCCT header not found.
[    3.453926] ACPI: bus type PCI registered
[    3.468924] acpiphp: ACPI Hot Plug PCI Controller Driver version: 0.5
[    3.524028] PCI: Using configuration type 1 for base access
[    3.549773] ACPI: Added _OSI(Module Device)
[    3.559830] ACPI: Added _OSI(Processor Device)
[    3.569021] ACPI: Added _OSI(3.0 _SCP Extensions)
[    3.578399] ACPI: Added _OSI(Processor Aggregator Device)
[    3.591247] ACPI: Executed 1 blocks of module-level executable AML code
[    3.612229] ACPI: Interpreter enabled
[    3.620717] ACPI: (supports S0 S5)
[    3.628488] ACPI: Using IOAPIC for interrupt routing
[    3.640055] PCI: Using host bridge windows from ACPI; if necessary, use "pci=nocrs" and report a bug
[    3.667524] ACPI: PCI Root Bridge [PCI0] (domain 0000 [bus 00-ff])
[    3.678977] acpi PNP0A03:00: _OSC: OS supports [ASPM ClockPM Segments MSI]
[    3.693696] acpi PNP0A03:00: _OSC: not requesting OS control; OS requires [ExtendedConfig ASPM ClockPM MSI]
[    3.712128] acpi PNP0A03:00: fail to add MMCONFIG information, can't access extended PCI configuration space under this bridge.
[    3.736478] PCI host bridge to bus 0000:00
[    3.748326] pci_bus 0000:00: root bus resource [io  0x0000-0x0cf7 window]
[    3.761098] pci_bus 0000:00: root bus resource [io  0x0d00-0xffff window]
[    3.773398] pci_bus 0000:00: root bus resource [mem 0x000a0000-0x000bffff window]
[    3.789173] pci_bus 0000:00: root bus resource [mem 0x20000000-0xfdffffff window]
[    3.805634] pci_bus 0000:00: root bus resource [bus 00-ff]
[    3.832157] pci 0000:00:01.1: legacy IDE quirk: reg 0x10: [io  0x01f0-0x01f7]
[    3.846245] pci 0000:00:01.1: legacy IDE quirk: reg 0x14: [io  0x03f6]
[    3.858461] pci 0000:00:01.1: legacy IDE quirk: reg 0x18: [io  0x0170-0x0177]
[    3.870786] pci 0000:00:01.1: legacy IDE quirk: reg 0x1c: [io  0x0376]
[    4.068964] pci 0000:00:07.0: quirk: [io  0x4000-0x403f] claimed by PIIX4 ACPI
[    4.084991] pci 0000:00:07.0: quirk: [io  0x4100-0x410f] claimed by PIIX4 SMB
[    4.157327] ACPI: PCI Interrupt Link [LNKA] (IRQs 5 9 10 *11)
[    4.173521] ACPI: PCI Interrupt Link [LNKB] (IRQs 5 9 *10 11)
[    4.191653] ACPI: PCI Interrupt Link [LNKC] (IRQs 5 *9 10 11)
[    4.207462] ACPI: PCI Interrupt Link [LNKD] (IRQs 5 9 10 *11)
[    4.223579] ACPI: Enabled 2 GPEs in block 00 to 07
[    4.237132] vgaarb: setting as boot device: PCI:0000:00:02.0
[    4.251606] vgaarb: device added: PCI:0000:00:02.0,decodes=io+mem,owns=io+mem,locks=none
[    4.266771] vgaarb: loaded
[    4.275570] vgaarb: bridge control possible 0000:00:02.0
[    4.286897] SCSI subsystem initialized
[    4.296515] ACPI: bus type USB registered
[    4.305542] usbcore: registered new interface driver usbfs
[    4.318580] usbcore: registered new interface driver hub
[    4.328390] usbcore: registered new device driver usb
[    4.341798] PCI: Using ACPI for IRQ routing
[    4.353126] NetLabel: Initializing
[    4.360815] NetLabel:  domain hash size = 128
[    4.371274] NetLabel:  protocols = UNLABELED CIPSOv4
[    4.383026] NetLabel:  unlabeled traffic allowed by default
[    4.396620] amd_nb: Cannot enumerate AMD northbridges
[    4.406871] clocksource: Switched to clocksource kvm-clock
[    4.433188] AppArmor: AppArmor Filesystem Enabled
[    4.444654] pnp: PnP ACPI init
[    4.455213] pnp: PnP ACPI: found 3 devices
[    4.511131] clocksource: acpi_pm: mask: 0xffffff max_cycles: 0xffffff, max_idle_ns: 2085701024 ns
[    4.530865] NET: Registered protocol family 2
[    4.541660] TCP established hash table entries: 4096 (order: 3, 32768 bytes)
[    4.557233] TCP bind hash table entries: 4096 (order: 4, 65536 bytes)
[    4.571305] TCP: Hash tables configured (established 4096 bind 4096)
[    4.587059] UDP hash table entries: 256 (order: 1, 8192 bytes)
[    4.604092] UDP-Lite hash table entries: 256 (order: 1, 8192 bytes)
[    4.622893] NET: Registered protocol family 1
[    4.633191] pci 0000:00:00.0: Limiting direct PCI/PCI transfers
[    4.648683] pci 0000:00:01.0: Activating ISA DMA hang workarounds
[    4.670147] Unpacking initramfs...
[    5.113020] Freeing initrd memory: 14880K
[    5.122444] clocksource: tsc: mask: 0xffffffffffffffff max_cycles: 0x29db54602e5, max_idle_ns: 440795313334 ns
[    5.146339] platform rtc_cmos: registered platform RTC device (no PNP device found)
[    5.163328] Scanning for low memory corruption every 60 seconds
[    5.175749] audit: initializing netlink subsys (disabled)
[    5.187107] audit: type=2000 audit(1590320423.290:1): initialized
[    5.201725] Initialise system trusted keyring
[    5.211872] HugeTLB registered 2 MB page size, pre-allocated 0 pages
[    5.227431] zbud: loaded
[    5.237530] VFS: Disk quotas dquot_6.6.0
[    5.246311] VFS: Dquot-cache hash table entries: 512 (order 0, 4096 bytes)
[    5.260130] squashfs: version 4.0 (2009/01/31) Phillip Lougher
[    5.271834] fuse init (API version 7.23)
[    5.280583] Key type big_key registered
[    5.290744] Allocating IMA MOK and blacklist keyrings.
[    5.308773] Key type asymmetric registered
[    5.318903] Asymmetric key parser 'x509' registered
[    5.329229] Block layer SCSI generic (bsg) driver version 0.4 loaded (major 249)
[    5.354272] io scheduler noop registered
[    5.365423] io scheduler deadline registered (default)
[    5.377962] io scheduler cfq registered
[    5.388416] pci_hotplug: PCI Hot Plug PCI Core version: 0.5
[    5.402226] pciehp: PCI Express Hot Plug Controller Driver version: 0.4
[    5.416823] ACPI: AC Adapter [AC] (on-line)
[    5.427539] input: Power Button as /devices/LNXSYSTM:00/LNXPWRBN:00/input/input0
[    5.444445] ACPI: Power Button [PWRF]
[    5.452980] input: Sleep Button as /devices/LNXSYSTM:00/LNXSLPBN:00/input/input1
[    5.468573] ACPI: Sleep Button [SLPF]
[    5.477329] GHES: HEST is not enabled!
[    5.489822] Serial: 8250/16550 driver, 32 ports, IRQ sharing enabled
[    5.568452] 00:02: ttyS0 at I/O 0x3f8 (irq = 4, base_baud = 115200) is a 16550A
[    5.586579] Linux agpgart interface v0.103
[    5.603333] loop: module loaded
[    5.620030] scsi host0: ata_piix
[    5.628360] scsi host1: ata_piix
[    5.636609] ata1: PATA max UDMA/33 cmd 0x1f0 ctl 0x3f6 bmdma 0xd000 irq 14
[    5.650358] ata2: PATA max UDMA/33 cmd 0x170 ctl 0x376 bmdma 0xd008 irq 15
[    5.666213] libphy: Fixed MDIO Bus: probed
[    5.694802] tun: Universal TUN/TAP device driver, 1.6
[    5.706125] tun: (C) 1999-2004 Max Krasnyansky <maxk@qualcomm.com>
[    5.718044] PPP generic driver version 2.4.2
[    5.729030] ehci_hcd: USB 2.0 'Enhanced' Host Controller (EHCI) Driver
[    5.747595] ehci-pci: EHCI PCI platform driver
[    5.756889] ehci-platform: EHCI generic platform driver
[    5.767109] ohci_hcd: USB 1.1 'Open' Host Controller (OHCI) Driver
[    5.778865] ohci-pci: OHCI PCI platform driver
[    5.788367] ohci-platform: OHCI generic platform driver
[    5.800838] uhci_hcd: USB Universal Host Controller Interface driver
[    5.813856] i8042: PNP: PS/2 Controller [PNP0303:PS2K,PNP0f03:PS2M] at 0x60,0x64 irq 1,12
[    5.851928] serio: i8042 KBD port at 0x60,0x64 irq 1
[    5.861547] serio: i8042 AUX port at 0x60,0x64 irq 12
[    5.874074] mousedev: PS/2 mouse device common for all mice
[    5.891870] rtc_cmos rtc_cmos: rtc core: registered rtc_cmos as rtc0
[    5.904664] input: AT Translated Set 2 keyboard as /devices/platform/i8042/serio0/input/input2
[    5.923079] rtc_cmos rtc_cmos: alarms up to one day, 114 bytes nvram
[    5.937299] i2c /dev entries driver
[    5.949394] device-mapper: uevent: version 1.0.3
[    5.959382] device-mapper: ioctl: 4.34.0-ioctl (2015-10-28) initialised: dm-devel@redhat.com
[    5.987042] ledtrig-cpu: registered to indicate activity on CPUs
[    6.000415] NET: Registered protocol family 10
[    6.010687] NET: Registered protocol family 17
[    6.020159] Key type dns_resolver registered
[    6.030378] registered taskstats version 1
[    6.045399] Loading compiled-in X.509 certificates
[    6.059595] Loaded X.509 cert 'Build time autogenerated kernel key: f33c437cc9123d9712070bdfe932b55b24c56047'
[    6.082116] zswap: loaded using pool lzo/zbud
[    6.099522] Key type trusted registered
[    6.115357] Key type encrypted registered
[    6.123968] AppArmor: AppArmor sha1 policy hashing enabled
[    6.136632] ima: No TPM chip found, activating TPM-bypass!
[    6.150381] ima: Allocated hash algorithm: sha1
[    6.160698] evm: HMAC attrs: 0x1
[    6.170665]   Magic number: 4:97:682
[    6.179491] rtc_cmos rtc_cmos: setting system clock to 2020-05-24 11:40:18 UTC (1590320418)
[    6.199621] BIOS EDD facility v0.16 2004-Jun-25, 0 devices found
[    6.211452] EDD information not available.
[    6.224577] Freeing unused kernel memory: 1488K
[    6.247130] Write protecting the kernel read-only data: 14336k
[    6.261534] Freeing unused kernel memory: 1604K
[    6.272980] Freeing unused kernel memory: 60K
Loading, please wait...
starting version 229
[    6.310052] random: systemd-udevd: uninitialized urandom read (16 bytes read, 5 bits of entropy available)
[    6.310753] random: udevadm: uninitialized urandom read (16 bytes read, 5 bits of entropy available)
[    6.321812] random: udevadm: uninitialized urandom read (16 bytes read, 5 bits of entropy available)
[    6.329753] random: udevadm: uninitialized urandom read (16 bytes read, 5 bits of entropy available)
[    6.329782] random: udevadm: uninitialized urandom read (16 bytes read, 5 bits of entropy available)
[    6.329895] random: udevadm: uninitialized urandom read (16 bytes read, 5 bits of entropy available)
[    6.329943] random: udevadm: uninitialized urandom read (16 bytes read, 5 bits of entropy available)
[    6.330097] random: udevadm: uninitialized urandom read (16 bytes read, 5 bits of entropy available)
[    6.330129] random: udevadm: uninitialized urandom read (16 bytes read, 5 bits of entropy available)
[    6.330176] random: udevadm: uninitialized urandom read (16 bytes read, 5 bits of entropy available)
[    6.621616] e1000: Intel(R) PRO/1000 Network Driver - version 7.3.21-k8-NAPI
[    6.625332] Fusion MPT base driver 3.04.20
[    6.625333] Copyright (c) 1999-2008 LSI Corporation
[    6.659506] e1000: Copyright (c) 1999-2006 Intel Corporation.
[    6.711866] AVX2 version of gcm_enc/dec engaged.
[    6.711876] Fusion MPT SPI Host driver 3.04.20
[    6.736063] AES CTR mode by8 optimization enabled
[    6.949566] input: ImExPS/2 Generic Explorer Mouse as /devices/platform/i8042/serio1/input/input4
[    7.795286] e1000 0000:00:03.0 eth0: (PCI:33MHz:32-bit) 02:7c:3b:f4:17:68
[    7.810264] e1000 0000:00:03.0 eth0: Intel(R) PRO/1000 Network Connection
[    9.062114] e1000 0000:00:08.0 eth1: (PCI:33MHz:32-bit) 08:00:27:c2:10:5c
[    9.078837] e1000 0000:00:08.0 eth1: Intel(R) PRO/1000 Network Connection
[    9.098259] e1000 0000:00:08.0 enp0s8: renamed from eth1
[    9.103537] mptbase: ioc0: Initiating bringup
[    9.128295] e1000 0000:00:03.0 enp0s3: renamed from eth0
[    9.201632] ioc0: LSI53C1030 A0: Capabilities={Initiator}
[    9.388995] scsi host2: ioc0: LSI53C1030 A0, FwRev=00000000h, Ports=1, MaxQ=256, IRQ=20
[    9.520710] scsi 2:0:0:0: Direct-Access     VBOX     HARDDISK         1.0  PQ: 0 ANSI: 5
[    9.544149] scsi target2:0:0: Beginning Domain Validation
[    9.564065] scsi target2:0:0: Domain Validation skipping write tests
[    9.575424] scsi target2:0:0: Ending Domain Validation
[    9.587883] scsi target2:0:0: asynchronous
[    9.602876] scsi 2:0:1:0: Direct-Access     VBOX     HARDDISK         1.0  PQ: 0 ANSI: 5
[    9.647116] scsi target2:0:1: Beginning Domain Validation
[    9.665272] scsi target2:0:1: Domain Validation skipping write tests
[    9.772588] scsi target2:0:1: Ending Domain Validation
[    9.824677] scsi target2:0:1: asynchronous
[    9.867772] sd 2:0:0:0: Attached scsi generic sg0 type 0
[    9.878260] sd 2:0:0:0: [sda] 20971520 512-byte logical blocks: (10.7 GB/10.0 GiB)
[    9.897063] sd 2:0:1:0: Attached scsi generic sg1 type 0
[    9.897635] sd 2:0:1:0: [sdb] 20480 512-byte logical blocks: (10.5 MB/10.0 MiB)
[    9.898288] sd 2:0:1:0: [sdb] Write Protect is off
[    9.898875] sd 2:0:1:0: [sdb] Incomplete mode parameter data
[    9.898876] sd 2:0:1:0: [sdb] Assuming drive cache: write through
[    9.912222] sd 2:0:0:0: [sda] Write Protect is off
[    9.913096] sd 2:0:0:0: [sda] Incomplete mode parameter data
[    9.913162] sd 2:0:0:0: [sda] Assuming drive cache: write through
[    9.918840] sd 2:0:1:0: [sdb] Attached SCSI disk
[    9.921491]  sda: sda1
[    9.924208] sd 2:0:0:0: [sda] Attached SCSI disk
Begin: Loading essential drivers ... [   14.279041] md: linear personality registered for level -1
[   14.298604] md: multipath personality registered for level -4
[   14.313278] md: raid0 personality registered for level 0
[   14.336936] md: raid1 personality registered for level 1
[   14.430996] raid6: sse2x1   gen() 10004 MB/s
[   14.511003] raid6: sse2x1   xor()  7251 MB/s
[   14.587143] raid6: sse2x2   gen() 14448 MB/s
[   14.663111] raid6: sse2x2   xor() 10310 MB/s
[   14.739136] raid6: sse2x4   gen() 17171 MB/s
[   14.819162] raid6: sse2x4   xor() 12722 MB/s
[   14.899350] raid6: avx2x1   gen() 13728 MB/s
[   14.983082] raid6: avx2x2   gen() 23501 MB/s
[   15.068072] raid6: avx2x4   gen() 29149 MB/s
[   15.077922] raid6: using algorithm avx2x4 gen() 29149 MB/s
[   15.091164] raid6: using avx2x2 recovery algorithm
[   15.110827] xor: automatically using best checksumming function:
[   15.163003]    avx       : 30680.000 MB/sec
[   15.173414] async_tx: api initialized (async)
[   15.215186] md: raid6 personality registered for level 6
[   15.224406] md: raid5 personality registered for level 5
[   15.234873] md: raid4 personality registered for level 4
[   15.268352] md: raid10 personality registered for level 10
done.
Begin: Running /scripts/init-premount ... done.
Begin: Mounting root file system ... Begin: Running /scripts/local-top ... done.
Begin: Running /scripts/local-premount ... [   15.366275] Btrfs loaded
Scanning for Btrfs filesystems
done.
Warning: fsck not present, so skipping root file system
[   15.435734] EXT4-fs (sda1): mounted filesystem with ordered data mode. Opts: (null)
done.
Begin: Running /scripts/local-bottom ... done.
Begin: Running /scripts/init-bottom ... done.
[   15.698941] systemd[1]: systemd 229 running in system mode. (+PAM +AUDIT +SELINUX +IMA +APPARMOR +SMACK +SYSVINIT +UTMP +LIBCRYPTSETUP +GCRYPT +GNUTLS +ACL +XZ -LZ4 +SECCOMP +BLKID +ELFUTILS +KMOD -IDN)
[   15.733720] systemd[1]: Detected virtualization oracle.
[   15.749877] systemd[1]: Detected architecture x86-64.

Welcome to [1mUbuntu 16.04.6 LTS[0m!

[   15.776449] systemd[1]: Set hostname to <ubuntu>.
[   15.798030] systemd[1]: Initializing machine ID from random generator.
[   15.811041] systemd[1]: Installed transient /etc/machine-id file.
[   16.164434] systemd[1]: Created slice System Slice.
[[0;32m  OK  [0m] Created slice System Slice.
[   16.186991] random: nonblocking pool is initialized
[   16.202033] systemd[1]: Listening on udev Kernel Socket.
[[0;32m  OK  [0m] Listening on udev Kernel Socket.
[   16.229677] systemd[1]: Reached target User and Group Name Lookups.
[[0;32m  OK  [0m] Reached target User and Group Name Lookups.
[   16.265967] systemd[1]: Listening on Syslog Socket.
[[0;32m  OK  [0m] Listening on Syslog Socket.
[   16.291547] systemd[1]: Listening on Journal Socket.
[[0;32m  OK  [0m] Listening on Journal Socket.
[   16.323173] systemd[1]: Starting Set console keymap...
         Starting Set console keymap...
[   16.368016] systemd[1]: Mounting Huge Pages File System...
         Mounting Huge Pages File System...
[   16.391165] systemd[1]: Listening on LVM2 poll daemon socket.
[[0;32m  OK  [0m] Listening on LVM2 poll daemon socket.
[   16.435184] systemd[1]: Mounting Debug File System...
         Mounting Debug File System...
[   16.456405] systemd[1]: Starting Create list of required static device nodes for the current kernel...
         Starting Create list of required st... nodes for the current kernel...
[   16.493107] systemd[1]: Mounting POSIX Message Queue File System...
         Mounting POSIX Message Queue File System...
[   16.522752] systemd[1]: Starting Remount Root and Kernel File Systems...
         [   16.544019] EXT4-fs (sda1): re-mounted. Opts: (null)
Starting Remount Root and Kernel File Systems...
[   16.558895] systemd[1]: Starting Load Kernel Modules...
         Starting Load Kernel Modules...
[   16.583763] Loading iSCSI transport class v2.0-870.
[   16.597746] systemd[1]: Listening on udev Control Socket.
[[0;32m  OK  [0m] Listening on udev Control Socket.
[   16.627207] systemd[1]: Set up automount Arbitrary Executable File Formats File System Automount Point.
[   16.655360] iscsi: registered transport (tcp)
[[0;32m  OK  [0m] Set up automount Arbitrary Executab...ats File System Automount Point.
[   16.677087] systemd[1]: Listening on /dev/initctl Compatibility Named Pipe.
[[0;32m  OK  [0m] Listening on /dev/initctl Compatibility Named Pipe.
[   16.716656] systemd[1]: Reached target System Time Synchronized.
[[0;32m  OK  [0m] Reached target System Time Synchronized.
[   16.759479] iscsi: registered transport (iser)
[   16.762996] systemd[1]: Starting Nameserver information manager...
         Starting Nameserver information manager...
[   16.794455] systemd[1]: Started Trigger resolvconf update for networkd DNS.
[[0;32m  OK  [0m] Started Trigger resolvconf update for networkd DNS.
[   16.825738] systemd[1]: Reached target Swap.
[[0;32m  OK  [0m] Reached target Swap.
[   16.851536] systemd[1]: Created slice User and Session Slice.
[[0;32m  OK  [0m] Created slice User and Session Slice.
[   16.890793] systemd[1]: Reached target Slices.
[[0;32m  OK  [0m] Reached target Slices.
[   16.932197] systemd[1]: Starting Uncomplicated firewall...
         Starting Uncomplicated firewall...
[   16.964731] systemd[1]: Listening on Device-mapper event daemon FIFOs.
[[0;32m  OK  [0m] Listening on Device-mapper event daemon FIFOs.
[   16.993031] systemd[1]: Started Forward Password Requests to Wall Directory Watch.
[[0;32m  OK  [0m] Started Forward Password Requests to Wall Directory Watch.
[   17.041573] systemd[1]: Created slice system-serial\x2dgetty.slice.
[[0;32m  OK  [0m] Created slice system-serial\x2dgetty.slice.
[   17.069422] systemd[1]: Listening on LVM2 metadata daemon socket.
[[0;32m  OK  [0m] Listening on LVM2 metadata daemon socket.
[   17.120887] systemd[1]: Starting Monitoring of LVM2 mirrors, snapshots etc. using dmeventd or progress polling...
         Starting Monitoring of LVM2 mirrors... dmeventd or progress polling...
[   17.211092] systemd[1]: Listening on Journal Audit Socket.
[[0;32m  OK  [0m] Listening on Journal Audit Socket.
[   17.247416] systemd[1]: Listening on Journal Socket (/dev/log).
[[0;32m  OK  [0m] Listening on Journal Socket (/dev/log).
[   17.283375] systemd[1]: Starting Journal Service...
         Starting Journal Service...
[   17.310274] systemd[1]: Reached target Encrypted Volumes.
[[0;32m  OK  [0m] Reached target Encrypted Volumes.
[   17.337857] systemd[1]: Mounted POSIX Message Queue File System.
[[0;32m  OK  [0m] Mounted POSIX Message Queue File System.
[   17.376164] systemd[1]: Mounted Huge Pages File System.
[[0;32m  OK  [0m] Mounted Huge Pages File System.
[   17.409253] systemd[1]: Mounted Debug File System.
[[0;32m  OK  [0m] Mounted Debug File System.
[   17.441171] systemd[1]: Started Journal Service.
[[0;32m  OK  [0m] Started Journal Service.
[[0;32m  OK  [0m] Started Set console keymap.
[[0;32m  OK  [0m] Started Create list of required sta...ce nodes for the current kernel.
[[0;32m  OK  [0m] Started Remount Root and Kernel File Systems.
[[0;32m  OK  [0m] Started Load Kernel Modules.
[[0;32m  OK  [0m] Started Uncomplicated firewall.
[[0;32m  OK  [0m] Started Nameserver information manager.
[[0;32m  OK  [0m] Started LVM2 metadata daemon.
         Mounting FUSE Control File System...
         Starting Apply Kernel Variables...
         Starting Load/Save Random Seed...
         Starting udev Coldplug all Devices...
         Starting Create Static Device Nodes in /dev...
         Starting Flush Journal to Persistent Storage...
[[0;32m  OK  [0m] Mounted FUSE Control File System.
[[0;32m  OK  [0m] Started Monitoring of LVM2 mirrors,...ng dmeventd or progress polling.
[[0;32m  OK  [0m] Started Apply Kernel Variables.
[[0;32m  OK  [0m] Started Load/Save Random Seed.
[[0;32m  OK  [0m] Started Create Static Device Nodes in /dev.
         Starting udev Kernel Device Manager...
[[0;32m  OK  [0m] Reached target Local File Systems (Pre).
[[0;32m  OK  [0m] Reached target Local File Systems.
         Starting Commit a transient machine-id on disk...
         Starting LSB: AppArmor initialization...
         Starting Initial cloud-init job (pre-networking)...
         Starting Tell Plymouth To Write Out Runtime Data...
         Starting Set console font and keymap...
[[0;32m  OK  [0m] Started udev Kernel Device Manager.
[[0;32m  OK  [0m] Started udev Coldplug all Devices.
[[0;32m  OK  [0m] Started Commit a transient machine-id on disk.
[[0;32m  OK  [0m] Started Tell Plymouth To Write Out Runtime Data.
[[0;32m  OK  [0m] Started Dispatch Password Requests to Console Directory Watch.
[[0;32m  OK  [0m] Started Flush Journal to Persistent Storage.
         Starting Create Volatile Files and Directories...
[[0;32m  OK  [0m] Started Create Volatile Files and Directories.
         Starting Update UTMP about System Boot/Shutdown...
[[0;32m  OK  [0m] Started Update UTMP about System Boot/Shutdown.
[[0;32m  OK  [0m] Found device /dev/ttyS0.
[[0;32m  OK  [0m] Listening on Load/Save RF Kill Switch Status /dev/rfkill Watch.
[   17.319120] cloud-init[467]: Cloud-init v. 19.4-33-gbb4131a2-0ubuntu1~16.04.1 running 'init-local' at Sun, 24 May 2020 11:40:32 +0000. Up 16.72 seconds.
[[0;32m  OK  [0m] Started LSB: AppArmor initialization.
[[0;32m  OK  [0m] Started Initial cloud-init job (pre-networking).
[[0;32m  OK  [0m] Reached target Network (Pre).
         Starting Raise network interfaces...
[[0;32m  OK  [0m] Started Raise network interfaces.
[[0;32m  OK  [0m] Reached target Network.
         Starting Initial cloud-init job (metadata service crawler)...
[[0;32m  OK  [0m] Started Set console font and keymap.
[[0;32m  OK  [0m] Created slice system-getty.slice.
[   26.299975] cloud-init[956]: Cloud-init v. 19.4-33-gbb4131a2-0ubuntu1~16.04.1 running 'init' at Sun, 24 May 2020 11:40:41 +0000. Up 25.69 seconds.
[   26.344623] cloud-init[956]: ci-info: ++++++++++++++++++++++++++++++++++++++Net device info+++++++++++++++++++++++++++++++++++++++
[   26.384378] cloud-init[956]: ci-info: +--------+-------+----------------------------+---------------+--------+-------------------+
[   26.387546] cloud-init[956]: ci-info: | Device |   Up  |          Address           |      Mask     | Scope  |     Hw-Address    |
[   26.389063] cloud-init[956]: ci-info: +--------+-------+----------------------------+---------------+--------+-------------------+
[[0;32m  OK  [0m] Started Initial cloud-init job (metadata service crawler).
[[   26.389167] cloud-init[0;32m  OK  [0m[956]: ci-info: | enp0s3 |  True |         10.0.2.15          | 255.255.255.0 | global | 02:7c:3b:f4:17:68 |
[   26.473862] cloud-init[956]: ci-info: | enp0s3 |  True | fe80::7c:3bff:fef4:1768/64 |       .       |  link  | 02:7c:3b:f4:17:68 |
[   26.475110] cloud-init[956]: ci-info: | enp0s8 | False |             .              |       .       |   .    | 08:00:27:c2:10:5c |
[   26.476333] cloud-init[956]: ci-info: |   lo   |  True |         127.0.0.1          |   255.0.0.0   |  host  |         .         |
[   26.477542] cloud-init[956]: ci-info: |   lo   |  True |          ::1/128           |       .       |  host  |         .         |
[   26.478841] cloud-init[956]: ci-info: +--------+-------+----------------------------+---------------+--------+-------------------+
[   26.478900] cloud-init[956]: ci-info: +++++++++++++++++++++++++++Route IPv4 info++++++++++++++++++++++++++++
[   26.481430] cloud-init[956]: ci-info: +-------+-------------+----------+---------------+-----------+-------+
[   26.481468] cloud-init[956]: ci-info: | Route | Destination | Gateway  |    Genmask    | Interface | Flags |
[   26.481493] cloud-init[956]: ci-info: +-------+-------------+----------+---------------+-----------+-------+
[   26.481595] cloud-init[956]: ci-info: |   0   |   0.0.0.0   | 10.0.2.2 |    0.0.0.0    |   enp0s3  |   UG  |
[   26.481628] cloud-init[956]: ci-info: |   1   |   10.0.2.0  | 0.0.0.0  | 255.255.255.0 |   enp0s3  |   U   |
[   26.481654] cloud-init[956]: ci-info: +-------+-------------+----------+---------------+-----------+-------+
] Reached target Network is Online.
[   26.481676] cloud-init[956]: ci-info: +++++++++++++++++++Route IPv6 info+++++++++++++++++++
[   26.796744] cloud-init[956]: ci-info: +-------+-------------+---------+-----------+-------+
[   26.812573] cloud-init[956]: ci-info: | Route | Destination | Gateway | Interface | Flags |
[   26.827651] cloud-init[956]: ci-info: +-------+-------------+---------+-----------+-------+
[   26.845303] cloud-init[956]:          Starting iSCSI initiator daemon (iscsid)...
[[0;32m  OK  [0m] Reached target System Initialization.
[[0;32m  OK  [0m] Started Daily Cleanup of Temporary Directories.
ci-info: |   0   |  fe80::/64  |    ::   |   enp0s3  |   U   |
[[   26.887022] cloud-init[956]: ci-info: |   3   |   ff00::/8  |    ::   |   enp0s3  |   U   |
[   26.890723] cloud-init[956]: ci-info: +-------+-------------+---------+-----------+-------+
[   26.890751] cloud-init[956]: Generating public/private rsa key pair.
[   26.902951] cloud-init[956]: Your identification has been saved in /etc/ssh/ssh_host_rsa_key.
[   26.924011] cloud-init[956]: Your public key has been saved in /etc/ssh/ssh_host_rsa_key.pub.
[   26.937817] cloud-init[956]: The key fingerprint is:
[   26.946037] cloud-init[956]: SHA256:YxViCtyvlLT2mJNdFv0G4/LPz+4JTMYi7edR+lTr03c root@ubuntu-xenial
[   26.954883] cloud-init[956]: The key's randomart image is:
[   26.954920] cloud-init[956]: +---[RSA 2048]----+
[   26.954945] cloud-init[956]: |   ...  o ..     |
[   26.954991] cloud-init[956]: |    ..oo ...+    |
[   26.955018] cloud-init[956]: |     ..+  .o +   |
[   26.955088] cloud-init[956]: |      = ..= o o  |
[   26.955143] cloud-init[956]: |     o BS+ = = ..|
[   26.955178] cloud-init[956]: |      *.o.o * o o|
[   26.959107] cloud-init[956]: |       .   . O o.|
[   26.962487] cloud-init[956]: |            o OoE|
[   26.985700] cloud-init[956]: |             . BO|
[   26.990172] cloud-init[956]: +----[SHA256]-----+
[   26.999259] cloud-init[956]: Generating public/private dsa key pair.
[   27.002666] cloud-init[956]: Your identification has been saved in /etc/ssh/ssh_host_dsa_key.
[   27.009350] cloud-init[956]: Your public key has been saved in /etc/ssh/ssh_host_dsa_key.pub.
[   27.013730] cloud-init[956]: The key fingerprint is:
[   27.018160] cloud-init[956]: SHA256:JxUydIDV9GOQ6HjURx9PDbgYIohYSk9z+0o/JN8xtj4 root@ubuntu-xenial
[   27.027023] cloud-init[956]: The key's randomart image is:
[   27.034602] cloud-init[956]: +---[DSA 1024]----+
[   27.037728] cloud-init[956]: | +.+ o +**=o..o.o|
[   27.051459] cloud-init[956]: |o.+ + + ++=+o. +.|
[   27.059372] cloud-init[956]: |.  . . = ..++.. .|
[   27.062322] cloud-init[956]: |      o o.....   |
[   27.062365] cloud-init[956]: |     o +S+.      |
[   27.062390] cloud-init[956]: |    . * oo+      |
[   27.062413] cloud-init[956]: |     . + o       |
[   27.062437] cloud-init[956]: |        oE       |
[   27.062476] cloud-init[956]: |         ..      |
[   27.062500] cloud-init[956]: +----[SHA256]-----+
[   27.062524] cloud-init[956]: Generating public/private ecdsa key pair.
[   27.074859] cloud-init[956]: Your identification has been saved in /etc/ssh/ssh_host_ecdsa_key.
[   27.079420] cloud-init[956]: Your public key has been saved in /etc/ssh/ssh_host_ecdsa_key.pub.
[   27.082427] cloud-init[956]: The key fingerprint is:
[   27.089658] cloud-init[956]: SHA256:u0aZL11Jbz9oqc1/3l/xrwmRCzvSn7LHELZF0dG+Pt8 root@ubuntu-xenial
[   27.114404] cloud-init[956]: The key's randomart image is:
[   27.114473] cloud-init[956]: +---[ECDSA 256]---+
[   27.114507] cloud-init[956]: |            .o.o |
[   27.114537] cloud-init[956]: |            . . .|
[   27.114566] cloud-init[956]: |           .   . |
[   27.114597] cloud-init[956]: |          o o.  .|
[   27.114640] cloud-init[956]: |        S+.=oo ..|
[   27.114672] cloud-init[956]: |        +oooooo.o|
[   27.114703] cloud-init[956]: |       .oo++o.+.o|
[   27.114732] cloud-init[956]: |        oo+o=* =B|
[   27.114762] cloud-init[956]: |       ....==o++E|
[   27.114791] cloud-init[956]: +----[SHA256]-----+
[   27.114835] cloud-init[956]: Generating public/private ed25519 key pair.
[   27.114902] cloud-init[956]: Your identification has been saved in /etc/ssh/ssh_host_ed25519_key.
[   27.114934] cloud-init[956]: Your public key has been saved in /etc/ssh/ssh_host_ed25519_key.pub.
[   27.114963] cloud-init[956]: The key fingerprint is:
[   27.114993] cloud-init[956]: SHA256:NHG4MBS0FCxtdz9Fbe5868ii0RLzWQQA3W/80Ui6Eh8 root@ubuntu-xenial
[   27.115040] cloud-init[956]: The key's randomart image is:
[   27.115073] cloud-init[956]: +--[ED25519 256]--+
[   27.115102] cloud-init[956]: |     =*++o+. ... |
[   27.115132] cloud-init[956]: |    ..*.o+... o o|
[   27.115372] cloud-init[956]: |     o.+oo .o= +.|
[   27.115549] cloud-init[956]: |       .... E+..o|
[   27.115604] cloud-init[956]: |        So o.=.o.|
[   27.115638] cloud-init[956]: |          * =  .+|
[   27.115668] cloud-init[956]: |         o =    o|
[   27.115699] cloud-init[956]: |          o.. .. |
[   27.115731] cloud-init[956]: |         .. .o.. |
[   27.115870] cloud-init[956]: +----[SHA256]-----+
[0;32m  OK  [0m] Started ACPI Events Check.
[[0;32m  OK  [0m] Reached target Paths.
[[0;32m  OK  [0m] Started Daily apt download activities.
[[0;32m  OK  [0m] Started Daily apt upgrade and clean activities.
         Starting LXD - unix socket.
[[0;32m  OK  [0m] Listening on ACPID Listen Socket.
         Starting Socket activation for snappy daemon.
[[0;32m  OK  [0m] Listening on UUID daemon activation socket.
[[0;32m  OK  [0m] Listening on D-Bus System Message Bus Socket.
[[0;32m  OK  [0m] Started Message of the Day.
[[0;32m  OK  [0m] Reached target Timers.
[[0;32m  OK  [0m] Reached target Cloud-config availability.
[[0;32m  OK  [0m] Listening on LXD - unix socket.
[[0;32m  OK  [0m] Listening on Socket activation for snappy daemon.
[[0;32m  OK  [0m] Started iSCSI initiator daemon (iscsid).
         Starting Login to default iSCSI targets...
[[0;32m  OK  [0m] Reached target Sockets.
[[0;32m  OK  [0m] Reached target Basic System.
         Starting LSB: MD monitoring daemon...
         Starting System Logging Service...
         Starting LSB: Record successful boot for GRUB...
[[0;32m  OK  [0m] Started FUSE filesystem for LXC.
         Starting LXD - container startup/shutdown...
         Starting Snappy daemon...
         Starting Pollinate to seed the pseudo random number generator...
[[0;32m  OK  [0m] Started Deferred execution scheduler.
         Starting Login Service...
         Starting Accounts Service...
[[0;32m  OK  [0m] Started D-Bus System Message Bus.
[[0;32m  OK  [0m] Started Regular background program processing daemon.
[[0;32m  OK  [0m] Started ACPI event daemon.
         Starting /etc/rc.local Compatibility...
         Starting Virtualbox guest utils...
[[0;32m  OK  [0m] Started System Logging Service.
[[0;32m  OK  [0m] Started LXD - container startup/shutdown.
[[0;32m  OK  [0m] Started /etc/rc.local Compatibility.
[[0;32m  OK  [0m] Started Login Service.
[[0;32m  OK  [0m] Started Unattended Upgrades Shutdown.
         Starting Authenticate and Authorize Users to Run Privileged Tasks...
[[0;32m  OK  [0m] Started LSB: MD monitoring daemon.
[[0;32m  OK  [0m] Started Login to default iSCSI targets.
[[0;32m  OK  [0m] Started LSB: Record successful boot for GRUB.
[[0;32m  OK  [0m] Reached target Remote File Systems (Pre).
[[0;32m  OK  [0m] Reached target Remote File Systems.
         Starting LSB: automatic crash report generation...
         Starting LSB: daemon to balance interrupts for SMP systems...
         Starting LSB: Set the CPU Frequency Scaling governor to "ondemand"...
         Starting Permit User Sessions...
[[0;32m  OK  [0m] Started Snappy daemon.
[[0;32m  OK  [0m] Started Pollinate to seed the pseudo random number generator.
[[0;32m  OK  [0m] Started Virtualbox guest utils.
[[0;32m  OK  [0m] Started Permit User Sessions.
[[0;32m  OK  [0m] Started Authenticate and Authorize Users to Run Privileged Tasks.
[[0;32m  OK  [0m] Started Accounts Service.
         Starting Terminate Plymouth Boot Screen...
         Starting Hold until boot process finishes up...
         Starting OpenBSD Secure Shell server...
         Starting Wait until snapd is fully seeded...
[[0;32m  OK  [0m] Started LSB: automatic crash report generation.
[[0;32m  OK  [0m] Started LSB: daemon to balance interrupts for SMP systems.
[[0;32m  OK  [0m] Started LSB: Set the CPU Frequency Scaling governor to "ondemand".
[[0;32m  OK  [0m] Started Terminate Plymouth Boot Screen.
[[0;32m  OK  [0m] Started Hold until boot process finishes up.
         Starting Set console scheme...
[[0;32m  OK  [0m] Started Serial Getty on ttyS0.
[[0;32m  OK  [0m] Started Getty on tty1.
[[0;32m  OK  [0m] Reached target Login Prompts.
[[0;32m  OK  [0m] Started OpenBSD Secure Shell server.
[[0;32m  OK  [0m] Started Set console scheme.
[[0;32m  OK  [0m] Started Wait until snapd is fully seeded.
         Starting Apply the settings specified in cloud-config...
[[0;32m  OK  [0m] Reached target Multi-User System.
[[0;32m  OK  [0m] Reached target Graphical Interface.
         Starting Update UTMP about System Runlevel Changes...
[[0;32m  OK  [0m] Started Update UTMP about System Runlevel Changes.
[   30.818791] cloud-init[1307]: Generating locales (this might take a while)...
[   32.431475] cloud-init[1307]:   en_US.UTF-8... done
[   32.441851] cloud-init[1307]: Generation complete.
[   32.747841] cloud-init[1307]: Cloud-init v. 19.4-33-gbb4131a2-0ubuntu1~16.04.1 running 'modules:config' at Sun, 24 May 2020 11:40:46 +0000. Up 30.69 seconds.
[[0;32m  OK  [0m] Started Apply the settings specified in cloud-config.
         Starting Execute cloud user/final scripts...
ci-info: no authorized SSH keys fingerprints found for user ubuntu.
<14>May 24 11:40:48 ec2: 
<14>May 24 11:40:48 ec2: #############################################################
<14>May 24 11:40:48 ec2: -----BEGIN SSH HOST KEY FINGERPRINTS-----
<14>May 24 11:40:48 ec2: 1024 SHA256:JxUydIDV9GOQ6HjURx9PDbgYIohYSk9z+0o/JN8xtj4 root@ubuntu-xenial (DSA)
<14>May 24 11:40:48 ec2: 256 SHA256:u0aZL11Jbz9oqc1/3l/xrwmRCzvSn7LHELZF0dG+Pt8 root@ubuntu-xenial (ECDSA)
<14>May 24 11:40:48 ec2: 256 SHA256:NHG4MBS0FCxtdz9Fbe5868ii0RLzWQQA3W/80Ui6Eh8 root@ubuntu-xenial (ED25519)
<14>May 24 11:40:48 ec2: 2048 SHA256:YxViCtyvlLT2mJNdFv0G4/LPz+4JTMYi7edR+lTr03c root@ubuntu-xenial (RSA)
<14>May 24 11:40:48 ec2: -----END SSH HOST KEY FINGERPRINTS-----
<14>May 24 11:40:48 ec2: #############################################################
-----BEGIN SSH HOST KEY KEYS-----
ecdsa-sha2-nistp256 AAAAE2VjZHNhLXNoYTItbmlzdHAyNTYAAAAIbmlzdHAyNTYAAABBBE4vaoF3zi6kV3XQFxY7r37pkVbAPths1bRQjJcbqKreXzcVdQyhJN8arSc6eKUtkZzhNYcXnQgfxS4i5jSbyx8= root@ubuntu-xenial
ssh-ed25519 AAAAC3NzaC1lZDI1NTE5AAAAIMpnhuFEXZFgrUGur25LciWqQtTEMOQBI4cTpMrjjuvT root@ubuntu-xenial
ssh-rsa AAAAB3NzaC1yc2EAAAADAQABAAABAQC/pBCXG/Hka+HjPq7j+SXYoVAG8ewuKcPWZ+S69szY51tIkRm6OT1Ugl3LKtTeOiBLK/cgESxSuIVo59c3wxF/v7uqDEcsize771elAmZPcfk7duDwmxgex6p5GyXvB64Xe/TzcNl5lDm6JtgG5R0G8zHLmnm6gzXzt2GMQezMc7SGk3WyjC6C3kiouV+Lvamb+nwQzitUtRzGefWT7o+nbZDjlARwSE9+vfd6HDR4OrgL+LEYGctciLKdlpR2oK1f8Zf1QJ5TvR6IP0UUS0TsY5InJAKZ1ZbwRjmpzKXtEZJa662PCQN2Ew0dvy7Ryc7CAeg9fp+buGRDpZ3bWqm3 root@ubuntu-xenial
-----END SSH HOST KEY KEYS-----
[   33.491578] cloud-init[1349]: Cloud-init v. 19.4-33-gbb4131a2-0ubuntu1~16.04.1 running 'modules:final' at Sun, 24 May 2020 11:40:48 +0000. Up 33.12 seconds.
[   33.568897] [[0;32m  OK  [0m] Started Execute cloud user/final scripts.
cloud-init[[0;32m  OK  [0[1349]: ci-info: no authorized SSH keys fingerprints found for user ubuntu.
[   33.606552] cloud-init[1349]: Cloud-init v. 19.4-33-gbb4131a2-0ubuntu1~16.04.1 finished at Sun, 24 May 2020 11:40:49 +0000. Datasource DataSourceNoCloud [seed=/dev/sdb][dsmode=net].  Up 33.48 seconds

Ubuntu 16.04.6 LTS ubuntu-xenial ttyS0

ubuntu-xenial login: 